// Jest Snapshot v1, https://goo.gl/fbAQLP

exports[`expect-puppeteer should works with \`addSnapshotSerializer\` 1`] = `hello`;
